// Jest Snapshot v1, https://goo.gl/fbAQLP

exports[`Calendar component test Should match the snapshot 1`] = `"<div class=\\"sc-bdnxRM dcdeka\\"><header class=\\"sc-dlnjwi gPwwuj\\"><button class=\\"sc-gtsrHT bEaTPc\\">&lt;</button><span>May</span><span>2021</span><button class=\\"sc-gtsrHT bEaTPc\\">&gt;</button></header><table class=\\"sc-hKFxyN cvoswi\\"><thead><tr><th>Su</th><th>Mo</th><th>Tu</th><th>We</th><th>Th</th><th>Fr</th><th>Sa</th></tr></thead><tbody><tr><td><button class=\\"sc-gtsrHT cukvZJ\\">25</button></td><td><button class=\\"sc-gtsrHT cukvZJ\\">26</button></td><td><button class=\\"sc-gtsrHT cukvZJ\\">27</button></td><td><button class=\\"sc-gtsrHT cukvZJ\\">28</button></td><td><button class=\\"sc-gtsrHT cukvZJ\\">29</button></td><td><button class=\\"sc-gtsrHT cukvZJ\\">30</button></td><td><button class=\\"sc-gtsrHT eahuWb\\">1</button></td></tr><tr><td><button class=\\"sc-gtsrHT eahuWb\\">2</button></td><td><button class=\\"sc-gtsrHT eahuWb\\">3</button></td><td><button class=\\"sc-gtsrHT eahuWb\\">4</button></td><td><button class=\\"sc-gtsrHT eahuWb\\">5</button></td><td><button class=\\"sc-gtsrHT eahuWb\\">6</button></td><td><button class=\\"sc-gtsrHT eahuWb\\">7</button></td><td><button class=\\"sc-gtsrHT eahuWb\\">8</button></td></tr><tr><td><button class=\\"sc-gtsrHT eahuWb\\">9</button></td><td><button class=\\"sc-gtsrHT eahuWb\\">10</button></td><td><button class=\\"sc-gtsrHT eahuWb\\">11</button></td><td><button class=\\"sc-gtsrHT eahuWb\\">12</button></td><td><button class=\\"sc-gtsrHT eahuWb\\">13</button></td><td><button class=\\"sc-gtsrHT eahuWb\\">14</button></td><td><button class=\\"sc-gtsrHT eahuWb\\">15</button></td></tr><tr><td><button class=\\"sc-gtsrHT eahuWb\\">16</button></td><td><button class=\\"sc-gtsrHT eahuWb\\">17</button></td><td><button class=\\"sc-gtsrHT eahuWb\\">18</button></td><td><button class=\\"sc-gtsrHT eahuWb\\">19</button></td><td><button class=\\"sc-gtsrHT eahuWb\\">20</button></td><td><button class=\\"sc-gtsrHT eahuWb\\">21</button></td><td><button class=\\"sc-gtsrHT eahuWb\\">22</button></td></tr><tr><td><button class=\\"sc-gtsrHT eahuWb\\">23</button></td><td><button class=\\"sc-gtsrHT iYCQTw\\">24</button></td><td><button class=\\"sc-gtsrHT eahuWb\\">25</button></td><td><button class=\\"sc-gtsrHT eahuWb\\">26</button></td><td><button class=\\"sc-gtsrHT eahuWb\\">27</button></td><td><button class=\\"sc-gtsrHT eahuWb\\">28</button></td><td><button class=\\"sc-gtsrHT eahuWb\\">29</button></td></tr><tr><td><button class=\\"sc-gtsrHT eahuWb\\">30</button></td><td><button class=\\"sc-gtsrHT eahuWb\\">31</button></td><td><button class=\\"sc-gtsrHT cukvZJ\\">1</button></td><td><button class=\\"sc-gtsrHT cukvZJ\\">2</button></td><td><button class=\\"sc-gtsrHT cukvZJ\\">3</button></td><td><button class=\\"sc-gtsrHT cukvZJ\\">4</button></td><td><button class=\\"sc-gtsrHT cukvZJ\\">5</button></td></tr></tbody></table><footer class=\\"sc-eCApnc KehJD\\"><button class=\\"sc-gtsrHT kFkpnb\\">Today</button></footer></div>"`;
