// Jest Snapshot v1, https://goo.gl/fbAQLP

exports[`FillFields component test Should match the snapshot 1`] = `"<div class=\\"sc-bdnxRM byISJT\\"><img src=\\"[object Object]\\" alt=\\"cloud-icon\\"/><h2>Fill in all the fields and the weather will be displayed</h2></div>"`;
